No overwriting allowed   recieved by  127.0.0.1:0
No overwriting allowed   recieved by  127.0.0.1:0
No overwriting allowed   recieved by  127.0.0.1:0
No overwriting allowed   recieved by  127.0.0.1:0
No overwriting allowed   recieved by  127.0.0.1:0
No overwriting allowed   recieved by  127.0.0.1:0
No overwriting allowed   recieved by  127.0.0.1:0
No overwriting allowed   recieved by  127.0.0.1:0
No overwriting allowed   recieved by  127.0.0.1:0
No overwriting allowed   recieved by  127.0.0.1:0
No overwriting allowed   recieved by  127.0.0.1:0
No overwriting allowed   recieved by  127.0.0.1:0
No overwriting allowed   recieved by  127.0.0.1:0
No overwriting allowed   recieved by  127.0.0.1:0
No overwriting allowed   recieved by  127.0.0.1:0
No overwriting allowed   recieved by  127.0.0.1:0
No overwriting allowed   recieved by  127.0.0.1:0
No overwriting allowed   recieved by  127.0.0.1:0
No overwriting allowed   recieved by  127.0.0.1:0
No overwriting allowed   recieved by  127.0.0.1:0
No overwriting allowed   recieved by  127.0.0.1:0
No overwriting allowed   recieved by  127.0.0.1:0
No overwriting allowed   recieved by  127.0.0.1:0
No overwriting allowed   recieved by  127.0.0.1:0
No overwriting allowed   recieved by  127.0.0.1:0
No overwriting allowed   recieved by  127.0.0.1:0
No overwriting allowed   recieved by  127.0.0.1:0
No overwriting allowed   recieved by  127.0.0.1:0
No overwriting allowed   recieved by  127.0.0.1:0
No overwriting allowed   recieved by  127.0.0.1:0
No overwriting allowed   recieved by  127.0.0.1:0
No overwriting allowed   recieved by  127.0.0.1:0
No overwriting allowed   recieved by  127.0.0.1:0
No overwriting allowed   recieved by  127.0.0.1:0
No overwriting allowed   recieved by  127.0.0.1:0
No overwriting allowed   recieved by  127.0.0.1:0
No overwriting allowed   recieved by  127.0.0.1:0
No overwriting allowed   recieved by  127.0.0.1:0
No overwriting allowed   recieved by  127.0.0.1:0
No overwriting allowed   recieved by  127.0.0.1:0
No overwriting allowed   recieved by  127.0.0.1:0
No overwriting allowed   recieved by  127.0.0.1:0
No overwriting allowed   recieved by  127.0.0.1:0
No overwriting allowed   recieved by  127.0.0.1:0
No overwriting allowed   recieved by  127.0.0.1:0
No overwriting allowed   recieved by  127.0.0.1:0
No overwriting allowed   recieved by  127.0.0.1:0
No overwriting allowed   recieved by  127.0.0.1:0
No overwriting allowed   recieved by  127.0.0.1:0
No overwriting allowed   recieved by  127.0.0.1:0
No overwriting allowed   recieved by  127.0.0.1:0
No overwriting allowed   recieved by  127.0.0.1:0
No overwriting allowed   recieved by  127.0.0.1:0
No overwriting allowed   recieved by  127.0.0.1:0
No overwriting allowed   recieved by  127.0.0.1:0
No overwriting allowed   recieved by  127.0.0.1:0
No overwriting allowed   recieved by  127.0.0.1:0
No overwriting allowed   recieved by  127.0.0.1:0
No overwriting allowed   recieved by  127.0.0.1:0
No overwriting allowed   recieved by  127.0.0.1:0
No overwriting allowed   recieved by  127.0.0.1:0
No overwriting allowed   recieved by  127.0.0.1:0
No overwriting allowed   recieved by  127.0.0.1:0
No overwriting allowed   recieved by  127.0.0.1:0
No overwriting allowed   recieved by  127.0.0.1:0
No overwriting allowed   recieved by  127.0.0.1:0
No overwriting allowed   recieved by  127.0.0.1:0
No overwriting allowed   recieved by  127.0.0.1:0
No overwriting allowed   recieved by  127.0.0.1:0
No overwriting allowed   recieved by  127.0.0.1:0
No overwriting allowed   recieved by  127.0.0.1:0
No overwriting allowed   recieved by  127.0.0.1:0
No overwriting allowed   recieved by  127.0.0.1:0
No overwriting allowed   recieved by  127.0.0.1:0
No overwriting allowed   recieved by  127.0.0.1:0
No overwriting allowed   recieved by  127.0.0.1:0
No overwriting allowed   recieved by  127.0.0.1:0
No overwriting allowed   recieved by  127.0.0.1:0
No overwriting allowed   recieved by  127.0.0.1:0
No overwriting allowed   recieved by  127.0.0.1:0
No overwriting allowed   recieved by  127.0.0.1:0
No overwriting allowed   recieved by  127.0.0.1:0
No overwriting allowed   recieved by  127.0.0.1:0
No overwriting allowed   recieved by  127.0.0.1:0
No overwriting allowed   recieved by  127.0.0.1:0
No overwriting allowed   recieved by  127.0.0.1:0
No overwriting allowed   recieved by  127.0.0.1:0
No overwriting allowed   recieved by  127.0.0.1:0
No overwriting allowed   recieved by  127.0.0.1:0
No overwriting allowed   recieved by  127.0.0.1:0
No overwriting allowed   recieved by  127.0.0.1:0
No overwriting allowed   recieved by  127.0.0.1:0
No overwriting allowed   recieved by  127.0.0.1:0
No overwriting allowed   recieved by  127.0.0.1:0
No overwriting allowed   recieved by  127.0.0.1:0
No overwriting allowed   recieved by  127.0.0.1:0
No overwriting allowed   recieved by  127.0.0.1:0
No overwriting allowed   recieved by  127.0.0.1:0
No overwriting allowed   recieved by  127.0.0.1:0
No overwriting allowed   recieved by  127.0.0.1:0
No overwriting allowed   recieved by  127.0.0.1:0
No overwriting allowed   recieved by  127.0.0.1:0
No overwriting allowed   recieved by  127.0.0.1:0
No overwriting allowed   recieved by  127.0.0.1:0
No overwriting allowed   recieved by  127.0.0.1:0
No overwriting allowed   recieved by  127.0.0.1:0
No overwriting allowed   recieved by  127.0.0.1:0
No overwriting allowed   recieved by  127.0.0.1:0
No overwriting allowed   recieved by  127.0.0.1:0
No overwriting allowed   recieved by  127.0.0.1:0
No overwriting allowed   recieved by  127.0.0.1:0
No overwriting allowed   recieved by  127.0.0.1:0
No overwriting allowed   recieved by  127.0.0.1:0
No overwriting allowed   recieved by  127.0.0.1:0
No overwriting allowed   recieved by  127.0.0.1:0
No overwriting allowed   recieved by  127.0.0.1:0
No overwriting allowed   recieved by  127.0.0.1:0
No overwriting allowed   recieved by  127.0.0.1:0
No overwriting allowed   recieved by  127.0.0.1:0
No overwriting allowed   recieved by  127.0.0.1:0
No overwriting allowed   recieved by  127.0.0.1:0
No overwriting allowed   recieved by  127.0.0.1:0
No overwriting allowed   recieved by  127.0.0.1:0
No overwriting allowed   recieved by  127.0.0.1:0
No overwriting allowed   recieved by  127.0.0.1:0
No overwriting allowed   recieved by  127.0.0.1:0
No overwriting allowed   recieved by  127.0.0.1:0
No overwriting allowed   recieved by  127.0.0.1:0
No overwriting allowed   recieved by  127.0.0.1:0
No overwriting allowed   recieved by  127.0.0.1:0
No overwriting allowed   recieved by  127.0.0.1:0
No overwriting allowed   recieved by  127.0.0.1:0
No overwriting allowed   recieved by  127.0.0.1:0
No overwriting allowed   recieved by  127.0.0.1:0
No overwriting allowed   recieved by  127.0.0.1:0
No overwriting allowed   recieved by  127.0.0.1:0
No overwriting allowed   recieved by  127.0.0.1:0
No overwriting allowed   recieved by  127.0.0.1:0
No overwriting allowed   recieved by  127.0.0.1:0
No overwriting allowed   recieved by  127.0.0.1:0
No overwriting allowed   recieved by  127.0.0.1:0
No overwriting allowed   recieved by  127.0.0.1:0
No overwriting allowed   recieved by  127.0.0.1:0
No overwriting allowed   recieved by  127.0.0.1:0
No overwriting allowed   recieved by  127.0.0.1:0
No overwriting allowed   recieved by  127.0.0.1:0
No overwriting allowed   recieved by  127.0.0.1:0
No overwriting allowed   recieved by  127.0.0.1:0
No overwriting allowed   recieved by  127.0.0.1:0
No overwriting allowed   recieved by  127.0.0.1:0
No overwriting allowed   recieved by  127.0.0.1:0
No overwriting allowed   recieved by  127.0.0.1:0
No overwriting allowed   recieved by  127.0.0.1:0
No overwriting allowed   recieved by  127.0.0.1:0
No overwriting allowed   recieved by  127.0.0.1:0
No overwriting allowed   recieved by  127.0.0.1:0
No overwriting allowed   recieved by  127.0.0.1:0
No overwriting allowed   recieved by  127.0.0.1:0
No overwriting allowed   recieved by  127.0.0.1:0
No overwriting allowed   recieved by  127.0.0.1:0
No overwriting allowed   recieved by  127.0.0.1:0
No overwriting allowed   recieved by  127.0.0.1:0
No overwriting allowed   recieved by  127.0.0.1:0
No overwriting allowed   recieved by  127.0.0.1:0
No overwriting allowed   recieved by  127.0.0.1:0
No overwriting allowed   recieved by  127.0.0.1:0
No overwriting allowed   recieved by  127.0.0.1:0
No overwriting allowed   recieved by  127.0.0.1:0
No overwriting allowed   recieved by  127.0.0.1:0
No overwriting allowed   recieved by  127.0.0.1:0
No overwriting allowed   recieved by  127.0.0.1:0
No overwriting allowed   recieved by  127.0.0.1:0
No overwriting allowed   recieved by  127.0.0.1:0
No overwriting allowed   recieved by  127.0.0.1:0
No overwriting allowed   recieved by  127.0.0.1:0
No overwriting allowed   recieved by  127.0.0.1:0
No overwriting allowed   recieved by  127.0.0.1:0
No overwriting allowed   recieved by  127.0.0.1:0
No overwriting allowed   recieved by  127.0.0.1:0
No overwriting allowed   recieved by  127.0.0.1:0
No overwriting allowed   recieved by  127.0.0.1:0
No overwriting allowed   recieved by  127.0.0.1:0
No overwriting allowed   recieved by  127.0.0.1:0
No overwriting allowed   recieved by  127.0.0.1:0
No overwriting allowed   recieved by  127.0.0.1:0
No overwriting allowed   recieved by  127.0.0.1:0
No overwriting allowed   recieved by  127.0.0.1:0
No overwriting allowed   recieved by  127.0.0.1:0
No overwriting allowed   recieved by  127.0.0.1:0
No overwriting allowed   recieved by  127.0.0.1:0
No overwriting allowed   recieved by  127.0.0.1:0
No overwriting allowed   recieved by  127.0.0.1:0
No overwriting allowed   recieved by  127.0.0.1:0
No overwriting allowed   recieved by  127.0.0.1:0
No overwriting allowed   recieved by  127.0.0.1:0
No overwriting allowed   recieved by  127.0.0.1:0
No overwriting allowed   recieved by  127.0.0.1:0
No overwriting allowed   recieved by  127.0.0.1:0
No overwriting allowed   recieved by  127.0.0.1:0
No overwriting allowed   recieved by  127.0.0.1:0
No overwriting allowed   recieved by  127.0.0.1:0
No overwriting allowed   recieved by  127.0.0.1:0
No overwriting allowed   recieved by  127.0.0.1:0
No overwriting allowed   recieved by  127.0.0.1:0
No overwriting allowed   recieved by  127.0.0.1:0
No overwriting allowed   recieved by  127.0.0.1:0
No overwriting allowed   recieved by  127.0.0.1:0
No overwriting allowed   recieved by  127.0.0.1:0
No overwriting allowed   recieved by  127.0.0.1:0
No overwriting allowed   recieved by  127.0.0.1:0
No overwriting allowed   recieved by  127.0.0.1:0
No overwriting allowed   recieved by  127.0.0.1:0
No overwriting allowed   recieved by  127.0.0.1:0
No overwriting allowed   recieved by  127.0.0.1:0
No overwriting allowed   recieved by  127.0.0.1:0
No overwriting allowed   recieved by  127.0.0.1:0
No overwriting allowed   recieved by  127.0.0.1:0
No overwriting allowed   recieved by  127.0.0.1:0
No overwriting allowed   recieved by  127.0.0.1:0
No overwriting allowed   recieved by  127.0.0.1:0
No overwriting allowed   recieved by  127.0.0.1:0
No overwriting allowed   recieved by  127.0.0.1:0
No overwriting allowed   recieved by  127.0.0.1:0
No overwriting allowed   recieved by  127.0.0.1:0
No overwriting allowed   recieved by  127.0.0.1:0
No overwriting allowed   recieved by  127.0.0.1:0
No overwriting allowed   recieved by  127.0.0.1:0
No overwriting allowed   recieved by  127.0.0.1:0
No overwriting allowed   recieved by  127.0.0.1:0
No overwriting allowed   recieved by  127.0.0.1:0
No overwriting allowed   recieved by  127.0.0.1:0
No overwriting allowed   recieved by  127.0.0.1:0
No overwriting allowed   recieved by  127.0.0.1:0
No overwriting allowed   recieved by  127.0.0.1:0
No overwriting allowed   recieved by  127.0.0.1:0
No overwriting allowed   recieved by  127.0.0.1:0
No overwriting allowed   recieved by  127.0.0.1:0
No overwriting allowed   recieved by  127.0.0.1:0
No overwriting allowed   recieved by  127.0.0.1:0
No overwriting allowed   recieved by  127.0.0.1:0
No overwriting allowed   recieved by  127.0.0.1:0
No overwriting allowed   recieved by  127.0.0.1:0
No overwriting allowed   recieved by  127.0.0.1:0
No overwriting allowed   recieved by  127.0.0.1:0
No overwriting allowed   recieved by  127.0.0.1:0
No overwriting allowed   recieved by  127.0.0.1:0
No overwriting allowed   recieved by  127.0.0.1:0
No overwriting allowed   recieved by  127.0.0.1:0
No overwriting allowed   recieved by  127.0.0.1:0
No overwriting allowed   recieved by  127.0.0.1:0
No overwriting allowed   recieved by  127.0.0.1:0
No overwriting allowed   recieved by  127.0.0.1:0
No overwriting allowed   recieved by  127.0.0.1:0
No overwriting allowed   recieved by  127.0.0.1:0
No overwriting allowed   recieved by  127.0.0.1:0
No overwriting allowed   recieved by  127.0.0.1:0
No overwriting allowed   recieved by  127.0.0.1:0
No overwriting allowed   recieved by  127.0.0.1:0
No overwriting allowed   recieved by  127.0.0.1:0
No overwriting allowed   recieved by  127.0.0.1:0
No overwriting allowed   recieved by  127.0.0.1:0
No overwriting allowed   recieved by  127.0.0.1:0
No overwriting allowed   recieved by  127.0.0.1:0
No overwriting allowed   recieved by  127.0.0.1:0
No overwriting allowed   recieved by  127.0.0.1:0
No overwriting allowed   recieved by  127.0.0.1:0
No overwriting allowed   recieved by  127.0.0.1:0
No overwriting allowed   recieved by  127.0.0.1:0
No overwriting allowed   recieved by  127.0.0.1:0
No overwriting allowed   recieved by  127.0.0.1:0
No overwriting allowed   recieved by  127.0.0.1:0
No overwriting allowed   recieved by  127.0.0.1:0
No overwriting allowed   recieved by  127.0.0.1:0
No overwriting allowed   recieved by  127.0.0.1:0
No overwriting allowed   recieved by  127.0.0.1:0
No overwriting allowed   recieved by  127.0.0.1:0
No overwriting allowed   recieved by  127.0.0.1:0
No overwriting allowed   recieved by  127.0.0.1:0
No overwriting allowed   recieved by  127.0.0.1:0
No overwriting allowed   recieved by  127.0.0.1:0
No overwriting allowed   recieved by  127.0.0.1:0
No overwriting allowed   recieved by  127.0.0.1:0
No overwriting allowed   recieved by  127.0.0.1:0
No overwriting allowed   recieved by  127.0.0.1:0
No overwriting allowed   recieved by  127.0.0.1:0
No overwriting allowed   recieved by  127.0.0.1:0
No overwriting allowed   recieved by  127.0.0.1:0
No overwriting allowed   recieved by  127.0.0.1:0
No overwriting allowed   recieved by  127.0.0.1:0
No overwriting allowed   recieved by  127.0.0.1:0
No overwriting allowed   recieved by  127.0.0.1:0
No overwriting allowed   recieved by  127.0.0.1:0
No overwriting allowed   recieved by  127.0.0.1:0
No overwriting allowed   recieved by  127.0.0.1:0
No overwriting allowed   recieved by  127.0.0.1:0
No overwriting allowed   recieved by  127.0.0.1:0
No overwriting allowed   recieved by  127.0.0.1:0
No overwriting allowed   recieved by  127.0.0.1:0
No overwriting allowed   recieved by  127.0.0.1:0
No overwriting allowed   recieved by  127.0.0.1:0
No overwriting allowed   recieved by  127.0.0.1:0
No overwriting allowed   recieved by  127.0.0.1:0
No overwriting allowed   recieved by  127.0.0.1:0
No overwriting allowed   recieved by  127.0.0.1:0
No overwriting allowed   recieved by  127.0.0.1:0
No overwriting allowed   recieved by  127.0.0.1:0
No overwriting allowed   recieved by  127.0.0.1:0
No overwriting allowed   recieved by  127.0.0.1:0
No overwriting allowed   recieved by  127.0.0.1:0
No overwriting allowed   recieved by  127.0.0.1:0
No overwriting allowed   recieved by  127.0.0.1:0
No overwriting allowed   recieved by  127.0.0.1:0
No overwriting allowed   recieved by  127.0.0.1:0
No overwriting allowed   recieved by  127.0.0.1:0
No overwriting allowed   recieved by  127.0.0.1:0
No overwriting allowed   recieved by  127.0.0.1:0
No overwriting allowed   recieved by  127.0.0.1:0
No overwriting allowed   recieved by  127.0.0.1:0
No overwriting allowed   recieved by  127.0.0.1:0
No overwriting allowed   recieved by  127.0.0.1:0
No overwriting allowed   recieved by  127.0.0.1:0
No overwriting allowed   recieved by  127.0.0.1:0
No overwriting allowed   recieved by  127.0.0.1:0
No overwriting allowed   recieved by  127.0.0.1:0
No overwriting allowed   recieved by  127.0.0.1:0
No overwriting allowed   recieved by  127.0.0.1:0
No overwriting allowed   recieved by  127.0.0.1:0
No overwriting allowed   recieved by  127.0.0.1:0
No overwriting allowed   recieved by  127.0.0.1:0
No overwriting allowed   recieved by  127.0.0.1:0
No overwriting allowed   recieved by  127.0.0.1:0
No overwriting allowed   recieved by  127.0.0.1:0
No overwriting allowed   recieved by  127.0.0.1:0
No overwriting allowed   recieved by  127.0.0.1:0
No overwriting allowed   recieved by  127.0.0.1:0
No overwriting allowed   recieved by  127.0.0.1:0
No overwriting allowed   recieved by  127.0.0.1:0
No overwriting allowed   recieved by  127.0.0.1:0
No overwriting allowed   recieved by  127.0.0.1:0
No overwriting allowed   recieved by  127.0.0.1:0
No overwriting allowed   recieved by  127.0.0.1:0
No overwriting allowed   recieved by  127.0.0.1:0
No overwriting allowed   recieved by  127.0.0.1:0
No overwriting allowed   recieved by  127.0.0.1:0
No overwriting allowed   recieved by  127.0.0.1:0
No overwriting allowed   recieved by  127.0.0.1:0
No overwriting allowed   recieved by  127.0.0.1:0
No overwriting allowed   recieved by  127.0.0.1:0
No overwriting allowed   recieved by  127.0.0.1:0
No overwriting allowed   recieved by  127.0.0.1:0
No overwriting allowed   recieved by  127.0.0.1:0
No overwriting allowed   recieved by  127.0.0.1:0
No overwriting allowed   recieved by  127.0.0.1:0
No overwriting allowed   recieved by  127.0.0.1:0
No overwriting allowed   recieved by  127.0.0.1:0
No overwriting allowed   recieved by  127.0.0.1:0
No overwriting allowed   recieved by  127.0.0.1:0
No overwriting allowed   recieved by  127.0.0.1:0
No overwriting allowed   recieved by  127.0.0.1:0
No overwriting allowed   recieved by  127.0.0.1:0
No overwriting allowed   recieved by  127.0.0.1:0
No overwriting allowed   recieved by  127.0.0.1:0
No overwriting allowed   recieved by  127.0.0.1:0
No overwriting allowed   recieved by  127.0.0.1:0
No overwriting allowed   recieved by  127.0.0.1:0
No overwriting allowed   recieved by  127.0.0.1:0
No overwriting allowed   recieved by  127.0.0.1:0
No overwriting allowed   recieved by  127.0.0.1:0
No overwriting allowed   recieved by  127.0.0.1:0
No overwriting allowed   recieved by  127.0.0.1:0
No overwriting allowed   recieved by  127.0.0.1:0
No overwriting allowed   recieved by  127.0.0.1:0
No overwriting allowed   recieved by  127.0.0.1:0
No overwriting allowed   recieved by  127.0.0.1:0
No overwriting allowed   recieved by  127.0.0.1:0
No overwriting allowed   recieved by  127.0.0.1:0
No overwriting allowed   recieved by  127.0.0.1:0
No overwriting allowed   recieved by  127.0.0.1:0
No overwriting allowed   recieved by  127.0.0.1:0
No overwriting allowed   recieved by  127.0.0.1:0
No overwriting allowed   recieved by  127.0.0.1:0
No overwriting allowed   recieved by  127.0.0.1:0
No overwriting allowed   recieved by  127.0.0.1:0
No overwriting allowed   recieved by  127.0.0.1:0
No overwriting allowed   recieved by  127.0.0.1:0
No overwriting allowed   recieved by  127.0.0.1:0
No overwriting allowed   recieved by  127.0.0.1:0
No overwriting allowed   recieved by  127.0.0.1:0
No overwriting allowed   recieved by  127.0.0.1:0
No overwriting allowed   recieved by  127.0.0.1:0
No overwriting allowed   recieved by  127.0.0.1:0
No overwriting allowed   recieved by  127.0.0.1:0
No overwriting allowed   recieved by  127.0.0.1:0
No overwriting allowed   recieved by  127.0.0.1:0
No overwriting allowed   recieved by  127.0.0.1:0
No overwriting allowed   recieved by  127.0.0.1:0
No overwriting allowed   recieved by  127.0.0.1:0
No overwriting allowed   recieved by  127.0.0.1:0
No overwriting allowed   recieved by  127.0.0.1:0
No overwriting allowed   recieved by  127.0.0.1:0
No overwriting allowed   recieved by  127.0.0.1:0
No overwriting allowed   recieved by  127.0.0.1:0
No overwriting allowed   recieved by  127.0.0.1:0
No overwriting allowed   recieved by  127.0.0.1:0
No overwriting allowed   recieved by  127.0.0.1:0
No overwriting allowed   recieved by  127.0.0.1:0
No overwriting allowed   recieved by  127.0.0.1:0
No overwriting allowed   recieved by  127.0.0.1:0
No overwriting allowed   recieved by  127.0.0.1:0
No overwriting allowed   recieved by  127.0.0.1:0
No overwriting allowed   recieved by  127.0.0.1:0
No overwriting allowed   recieved by  127.0.0.1:0
No overwriting allowed   recieved by  127.0.0.1:0
No overwriting allowed   recieved by  127.0.0.1:0
No overwriting allowed   recieved by  127.0.0.1:0
No overwriting allowed   recieved by  127.0.0.1:0
No overwriting allowed   recieved by  127.0.0.1:0
No overwriting allowed   recieved by  127.0.0.1:0
No overwriting allowed   recieved by  127.0.0.1:0
No overwriting allowed   recieved by  127.0.0.1:0
No overwriting allowed   recieved by  127.0.0.1:0
No overwriting allowed   recieved by  127.0.0.1:0
No overwriting allowed   recieved by  127.0.0.1:0
No overwriting allowed   recieved by  127.0.0.1:0
No overwriting allowed   recieved by  127.0.0.1:0
No overwriting allowed   recieved by  127.0.0.1:0
No overwriting allowed   recieved by  127.0.0.1:0
No overwriting allowed   recieved by  127.0.0.1:0
No overwriting allowed   recieved by  127.0.0.1:0
No overwriting allowed   recieved by  127.0.0.1:0
No overwriting allowed   recieved by  127.0.0.1:0
No overwriting allowed   recieved by  127.0.0.1:0
No overwriting allowed   recieved by  127.0.0.1:0
No overwriting allowed   recieved by  127.0.0.1:0
No overwriting allowed   recieved by  127.0.0.1:0
No overwriting allowed   recieved by  127.0.0.1:0
No overwriting allowed   recieved by  127.0.0.1:0
No overwriting allowed   recieved by  127.0.0.1:0
No overwriting allowed   recieved by  127.0.0.1:0
No overwriting allowed   recieved by  127.0.0.1:0
No overwriting allowed   recieved by  127.0.0.1:0
No overwriting allowed   recieved by  127.0.0.1:0
No overwriting allowed   recieved by  127.0.0.1:0
No overwriting allowed   recieved by  127.0.0.1:0
No overwriting allowed   recieved by  127.0.0.1:0
No overwriting allowed   recieved by  127.0.0.1:0
No overwriting allowed   recieved by  127.0.0.1:0
No overwriting allowed   recieved by  127.0.0.1:0
No overwriting allowed   recieved by  127.0.0.1:0
No overwriting allowed   recieved by  127.0.0.1:0
No overwriting allowed   recieved by  127.0.0.1:0
No overwriting allowed   recieved by  127.0.0.1:0
No overwriting allowed   recieved by  127.0.0.1:0
No overwriting allowed   recieved by  127.0.0.1:0
No overwriting allowed   recieved by  127.0.0.1:0
No overwriting allowed   recieved by  127.0.0.1:0
No overwriting allowed   recieved by  127.0.0.1:0
No overwriting allowed   recieved by  127.0.0.1:0
No overwriting allowed   recieved by  127.0.0.1:0
No overwriting allowed   recieved by  127.0.0.1:0
No overwriting allowed   recieved by  127.0.0.1:0
No overwriting allowed   recieved by  127.0.0.1:0
No overwriting allowed   recieved by  127.0.0.1:0
No overwriting allowed   recieved by  127.0.0.1:0
No overwriting allowed   recieved by  127.0.0.1:0
No overwriting allowed   recieved by  127.0.0.1:0
No overwriting allowed   recieved by  127.0.0.1:0
No overwriting allowed   recieved by  127.0.0.1:0
No overwriting allowed   recieved by  127.0.0.1:0
No overwriting allowed   recieved by  127.0.0.1:0
No overwriting allowed   recieved by  127.0.0.1:0
No overwriting allowed   recieved by  127.0.0.1:0
No overwriting allowed   recieved by  127.0.0.1:0
No overwriting allowed   recieved by  127.0.0.1:0
No overwriting allowed   recieved by  127.0.0.1:0
No overwriting allowed   recieved by  127.0.0.1:0
No overwriting allowed   recieved by  127.0.0.1:0
No overwriting allowed   recieved by  127.0.0.1:0
No overwriting allowed   recieved by  127.0.0.1:0
No overwriting allowed   recieved by  127.0.0.1:0
No overwriting allowed   recieved by  127.0.0.1:0
No overwriting allowed   recieved by  127.0.0.1:0
No overwriting allowed   recieved by  127.0.0.1:0
No overwriting allowed   recieved by  127.0.0.1:0
No overwriting allowed   recieved by  127.0.0.1:0
No overwriting allowed   recieved by  127.0.0.1:0
No overwriting allowed   recieved by  127.0.0.1:0
No overwriting allowed   recieved by  127.0.0.1:0
No overwriting allowed   recieved by  127.0.0.1:0
No overwriting allowed   recieved by  127.0.0.1:0
No overwriting allowed   recieved by  127.0.0.1:0
No overwriting allowed   recieved by  127.0.0.1:0
No overwriting allowed   recieved by  127.0.0.1:0
No overwriting allowed   recieved by  127.0.0.1:0
No overwriting allowed   recieved by  127.0.0.1:0
No overwriting allowed   recieved by  127.0.0.1:0
No overwriting allowed   recieved by  127.0.0.1:0
No overwriting allowed   recieved by  127.0.0.1:0
No overwriting allowed   recieved by  127.0.0.1:0
No overwriting allowed   recieved by  127.0.0.1:0
No overwriting allowed   recieved by  127.0.0.1:0
No overwriting allowed   recieved by  127.0.0.1:0
No overwriting allowed   recieved by  127.0.0.1:0
No overwriting allowed   recieved by  127.0.0.1:0
No overwriting allowed   recieved by  127.0.0.1:0
No overwriting allowed   recieved by  127.0.0.1:0
No overwriting allowed   recieved by  127.0.0.1:0
No overwriting allowed   recieved by  127.0.0.1:0
No overwriting allowed   recieved by  127.0.0.1:0
No overwriting allowed   recieved by  127.0.0.1:0
No overwriting allowed   recieved by  127.0.0.1:0
No overwriting allowed   recieved by  127.0.0.1:0
No overwriting allowed   recieved by  127.0.0.1:0
No overwriting allowed   recieved by  127.0.0.1:0
No overwriting allowed   recieved by  127.0.0.1:0
No overwriting allowed   recieved by  127.0.0.1:0
No overwriting allowed   recieved by  127.0.0.1:0
No overwriting allowed   recieved by  127.0.0.1:0
No overwriting allowed   recieved by  127.0.0.1:0
No overwriting allowed   recieved by  127.0.0.1:0
No overwriting allowed   recieved by  127.0.0.1:0
No overwriting allowed   recieved by  127.0.0.1:0
No overwriting allowed   recieved by  127.0.0.1:0
No overwriting allowed   recieved by  127.0.0.1:0
No overwriting allowed   recieved by  127.0.0.1:0
No overwriting allowed   recieved by  127.0.0.1:0
No overwriting allowed   recieved by  127.0.0.1:0
No overwriting allowed   recieved by  127.0.0.1:0
No overwriting allowed   recieved by  127.0.0.1:0
No overwriting allowed   recieved by  127.0.0.1:0
No overwriting allowed   recieved by  127.0.0.1:0
No overwriting allowed   recieved by  127.0.0.1:0
No overwriting allowed   recieved by  127.0.0.1:0
No overwriting allowed   recieved by  127.0.0.1:0
No overwriting allowed   recieved by  127.0.0.1:0
No overwriting allowed   recieved by  127.0.0.1:0
No overwriting allowed   recieved by  127.0.0.1:0
No overwriting allowed   recieved by  127.0.0.1:0
No overwriting allowed   recieved by  127.0.0.1:0
No overwriting allowed   recieved by  127.0.0.1:0
No overwriting allowed   recieved by  127.0.0.1:0
No overwriting allowed   recieved by  127.0.0.1:0
No overwriting allowed   recieved by  127.0.0.1:0
No overwriting allowed   recieved by  127.0.0.1:0
No overwriting allowed   recieved by  127.0.0.1:0
No overwriting allowed   recieved by  127.0.0.1:0
No overwriting allowed   recieved by  127.0.0.1:0
No overwriting allowed   recieved by  127.0.0.1:0
No overwriting allowed   recieved by  127.0.0.1:0
No overwriting allowed   recieved by  127.0.0.1:0
No overwriting allowed   recieved by  127.0.0.1:0
No overwriting allowed   recieved by  127.0.0.1:0
No overwriting allowed   recieved by  127.0.0.1:0
No overwriting allowed   recieved by  127.0.0.1:0
No overwriting allowed   recieved by  127.0.0.1:0
No overwriting allowed   recieved by  127.0.0.1:0
No overwriting allowed   recieved by  127.0.0.1:0
No overwriting allowed   recieved by  127.0.0.1:0
No overwriting allowed   recieved by  127.0.0.1:0
No overwriting allowed   recieved by  127.0.0.1:0
No overwriting allowed   recieved by  127.0.0.1:0
No overwriting allowed   recieved by  127.0.0.1:0
No overwriting allowed   recieved by  127.0.0.1:0
No overwriting allowed   recieved by  127.0.0.1:0
No overwriting allowed   recieved by  127.0.0.1:0
No overwriting allowed   recieved by  127.0.0.1:0
No overwriting allowed   recieved by  127.0.0.1:0
No overwriting allowed   recieved by  127.0.0.1:0
No overwriting allowed   recieved by  127.0.0.1:0
No overwriting allowed   recieved by  127.0.0.1:0
No overwriting allowed   recieved by  127.0.0.1:0
No overwriting allowed   recieved by  127.0.0.1:0
No overwriting allowed   recieved by  127.0.0.1:0
No overwriting allowed   recieved by  127.0.0.1:0
No overwriting allowed   recieved by  127.0.0.1:0
No overwriting allowed   recieved by  127.0.0.1:0
No overwriting allowed   recieved by  127.0.0.1:0
No overwriting allowed   recieved by  127.0.0.1:0
No overwriting allowed   recieved by  127.0.0.1:0
No overwriting allowed   recieved by  127.0.0.1:0
No overwriting allowed   recieved by  127.0.0.1:0
No overwriting allowed   recieved by  127.0.0.1:0
No overwriting allowed   recieved by  127.0.0.1:0
No overwriting allowed   recieved by  127.0.0.1:0
No overwriting allowed   recieved by  127.0.0.1:0
No overwriting allowed   recieved by  127.0.0.1:0
No overwriting allowed   recieved by  127.0.0.1:0
No overwriting allowed   recieved by  127.0.0.1:0
No overwriting allowed   recieved by  127.0.0.1:0
No overwriting allowed   recieved by  127.0.0.1:0
No overwriting allowed   recieved by  127.0.0.1:0
No overwriting allowed   recieved by  127.0.0.1:0
No overwriting allowed   recieved by  127.0.0.1:0
No overwriting allowed   recieved by  127.0.0.1:0
No overwriting allowed   recieved by  127.0.0.1:0
No overwriting allowed   recieved by  127.0.0.1:0
No overwriting allowed   recieved by  127.0.0.1:0
No overwriting allowed   recieved by  127.0.0.1:0
No overwriting allowed   recieved by  127.0.0.1:0
No overwriting allowed   recieved by  127.0.0.1:0
No overwriting allowed   recieved by  127.0.0.1:0
No overwriting allowed   recieved by  127.0.0.1:0
No overwriting allowed   recieved by  127.0.0.1:0
No overwriting allowed   recieved by  127.0.0.1:0
No overwriting allowed   recieved by  127.0.0.1:0
No overwriting allowed   recieved by  127.0.0.1:0
No overwriting allowed   recieved by  127.0.0.1:0
No overwriting allowed   recieved by  127.0.0.1:0
No overwriting allowed   recieved by  127.0.0.1:0
No overwriting allowed   recieved by  127.0.0.1:0
No overwriting allowed   recieved by  127.0.0.1:0
No overwriting allowed   recieved by  127.0.0.1:0
No overwriting allowed   recieved by  127.0.0.1:0
No overwriting allowed   recieved by  127.0.0.1:0
No overwriting allowed   recieved by  127.0.0.1:0
No overwriting allowed   recieved by  127.0.0.1:0
No overwriting allowed   recieved by  127.0.0.1:0
No overwriting allowed   recieved by  127.0.0.1:0
No overwriting allowed   recieved by  127.0.0.1:0
No overwriting allowed   recieved by  127.0.0.1:0
No overwriting allowed   recieved by  127.0.0.1:0
No overwriting allowed   recieved by  127.0.0.1:0
No overwriting allowed   recieved by  127.0.0.1:0
No overwriting allowed   recieved by  127.0.0.1:0
No overwriting allowed   recieved by  127.0.0.1:0
No overwriting allowed   recieved by  127.0.0.1:0
No overwriting allowed   recieved by  127.0.0.1:0
No overwriting allowed   recieved by  127.0.0.1:0
No overwriting allowed   recieved by  127.0.0.1:0
No overwriting allowed   recieved by  127.0.0.1:0
No overwriting allowed   recieved by  127.0.0.1:0
No overwriting allowed   recieved by  127.0.0.1:0
No overwriting allowed   recieved by  127.0.0.1:0
No overwriting allowed   recieved by  127.0.0.1:0
No overwriting allowed   recieved by  127.0.0.1:0
No overwriting allowed   recieved by  127.0.0.1:0
No overwriting allowed   recieved by  127.0.0.1:0
No overwriting allowed   recieved by  127.0.0.1:0
No overwriting allowed   recieved by  127.0.0.1:0
No overwriting allowed   recieved by  127.0.0.1:0
No overwriting allowed   recieved by  127.0.0.1:0
No overwriting allowed   recieved by  127.0.0.1:0
No overwriting allowed   recieved by  127.0.0.1:0
No overwriting allowed   recieved by  127.0.0.1:0
No overwriting allowed   recieved by  127.0.0.1:0
No overwriting allowed   recieved by  127.0.0.1:0
No overwriting allowed   recieved by  127.0.0.1:0
No overwriting allowed   recieved by  127.0.0.1:0
No overwriting allowed   recieved by  127.0.0.1:0
No overwriting allowed   recieved by  127.0.0.1:0
No overwriting allowed   recieved by  127.0.0.1:0
No overwriting allowed   recieved by  127.0.0.1:0
No overwriting allowed   recieved by  127.0.0.1:0
No overwriting allowed   recieved by  127.0.0.1:0
No overwriting allowed   recieved by  127.0.0.1:0
No overwriting allowed   recieved by  127.0.0.1:0
No overwriting allowed   recieved by  127.0.0.1:0
No overwriting allowed   recieved by  127.0.0.1:0
No overwriting allowed   recieved by  127.0.0.1:0
No overwriting allowed   recieved by  127.0.0.1:0
No overwriting allowed   recieved by  127.0.0.1:0
No overwriting allowed   recieved by  127.0.0.1:0
No overwriting allowed   recieved by  127.0.0.1:0
No overwriting allowed   recieved by  127.0.0.1:0
No overwriting allowed   recieved by  127.0.0.1:0
No overwriting allowed   recieved by  127.0.0.1:0
No overwriting allowed   recieved by  127.0.0.1:0
No overwriting allowed   recieved by  127.0.0.1:0
No overwriting allowed   recieved by  127.0.0.1:0
No overwriting allowed   recieved by  127.0.0.1:0
No overwriting allowed   recieved by  127.0.0.1:0
No overwriting allowed   recieved by  127.0.0.1:0
No overwriting allowed   recieved by  127.0.0.1:0
No overwriting allowed   recieved by  127.0.0.1:0
No overwriting allowed   recieved by  127.0.0.1:0
No overwriting allowed   recieved by  127.0.0.1:0
No overwriting allowed   recieved by  127.0.0.1:0
No overwriting allowed   recieved by  127.0.0.1:0
No overwriting allowed   recieved by  127.0.0.1:0
No overwriting allowed   recieved by  127.0.0.1:0
No overwriting allowed   recieved by  127.0.0.1:0
No overwriting allowed   recieved by  127.0.0.1:0
No overwriting allowed   recieved by  127.0.0.1:0
No overwriting allowed   recieved by  127.0.0.1:0
No overwriting allowed   recieved by  127.0.0.1:0
No overwriting allowed   recieved by  127.0.0.1:0
No overwriting allowed   recieved by  127.0.0.1:0
No overwriting allowed   recieved by  127.0.0.1:0
No overwriting allowed   recieved by  127.0.0.1:0
No overwriting allowed   recieved by  127.0.0.1:0
No overwriting allowed   recieved by  127.0.0.1:0
No overwriting allowed   recieved by  127.0.0.1:0
No overwriting allowed   recieved by  127.0.0.1:0
No overwriting allowed   recieved by  127.0.0.1:0
No overwriting allowed   recieved by  127.0.0.1:0
No overwriting allowed   recieved by  127.0.0.1:0
No overwriting allowed   recieved by  127.0.0.1:0
No overwriting allowed   recieved by  127.0.0.1:0
No overwriting allowed   recieved by  127.0.0.1:0
No overwriting allowed   recieved by  127.0.0.1:0
No overwriting allowed   recieved by  127.0.0.1:0
No overwriting allowed   recieved by  127.0.0.1:0
No overwriting allowed   recieved by  127.0.0.1:0
No overwriting allowed   recieved by  127.0.0.1:0
No overwriting allowed   recieved by  127.0.0.1:0
No overwriting allowed   recieved by  127.0.0.1:0
No overwriting allowed   recieved by  127.0.0.1:0
No overwriting allowed   recieved by  127.0.0.1:0
No overwriting allowed   recieved by  127.0.0.1:0
No overwriting allowed   recieved by  127.0.0.1:0
No overwriting allowed   recieved by  127.0.0.1:0
No overwriting allowed   recieved by  127.0.0.1:0
No overwriting allowed   recieved by  127.0.0.1:0
No overwriting allowed   recieved by  127.0.0.1:0
No overwriting allowed   recieved by  127.0.0.1:0
No overwriting allowed   recieved by  127.0.0.1:0
No overwriting allowed   recieved by  127.0.0.1:0
No overwriting allowed   recieved by  127.0.0.1:0
No overwriting allowed   recieved by  127.0.0.1:0
No overwriting allowed   recieved by  127.0.0.1:0
No overwriting allowed   recieved by  127.0.0.1:0
No overwriting allowed   recieved by  127.0.0.1:0
No overwriting allowed   recieved by  127.0.0.1:0
No overwriting allowed   recieved by  127.0.0.1:0
No overwriting allowed   recieved by  127.0.0.1:0
No overwriting allowed   recieved by  127.0.0.1:0
No overwriting allowed   recieved by  127.0.0.1:0
No overwriting allowed   recieved by  127.0.0.1:0
No overwriting allowed   recieved by  127.0.0.1:0
No overwriting allowed   recieved by  127.0.0.1:0
No overwriting allowed   recieved by  127.0.0.1:0
No overwriting allowed   recieved by  127.0.0.1:0
No overwriting allowed   recieved by  127.0.0.1:0
No overwriting allowed   recieved by  127.0.0.1:0
No overwriting allowed   recieved by  127.0.0.1:0
No overwriting allowed   recieved by  127.0.0.1:0
No overwriting allowed   recieved by  127.0.0.1:0
No overwriting allowed   recieved by  127.0.0.1:0
No overwriting allowed   recieved by  127.0.0.1:0
No overwriting allowed   recieved by  127.0.0.1:0
No overwriting allowed   recieved by  127.0.0.1:0
No overwriting allowed   recieved by  127.0.0.1:0
No overwriting allowed   recieved by  127.0.0.1:0
No overwriting allowed   recieved by  127.0.0.1:0
No overwriting allowed   recieved by  127.0.0.1:0
No overwriting allowed   recieved by  127.0.0.1:0
No overwriting allowed   recieved by  127.0.0.1:0
No overwriting allowed   recieved by  127.0.0.1:0
No overwriting allowed   recieved by  127.0.0.1:0
No overwriting allowed   recieved by  127.0.0.1:0
No overwriting allowed   recieved by  127.0.0.1:0
No overwriting allowed   recieved by  127.0.0.1:0
No overwriting allowed   recieved by  127.0.0.1:0
No overwriting allowed   recieved by  127.0.0.1:0
No overwriting allowed   recieved by  127.0.0.1:0
No overwriting allowed   recieved by  127.0.0.1:0
No overwriting allowed   recieved by  127.0.0.1:0
No overwriting allowed   recieved by  127.0.0.1:0
No overwriting allowed   recieved by  127.0.0.1:0
No overwriting allowed   recieved by  127.0.0.1:0
No overwriting allowed   recieved by  127.0.0.1:0
No overwriting allowed   recieved by  127.0.0.1:0
No overwriting allowed   recieved by  127.0.0.1:0
No overwriting allowed   recieved by  127.0.0.1:0
No overwriting allowed   recieved by  127.0.0.1:0
No overwriting allowed   recieved by  127.0.0.1:0
No overwriting allowed   recieved by  127.0.0.1:0
No overwriting allowed   recieved by  127.0.0.1:0
No overwriting allowed   recieved by  127.0.0.1:0
No overwriting allowed   recieved by  127.0.0.1:0
No overwriting allowed   recieved by  127.0.0.1:0
No overwriting allowed   recieved by  127.0.0.1:0
No overwriting allowed   recieved by  127.0.0.1:0
No overwriting allowed   recieved by  127.0.0.1:0
No overwriting allowed   recieved by  127.0.0.1:0
No overwriting allowed   recieved by  127.0.0.1:0
No overwriting allowed   recieved by  127.0.0.1:0
No overwriting allowed   recieved by  127.0.0.1:0
No overwriting allowed   recieved by  127.0.0.1:0
No overwriting allowed   recieved by  127.0.0.1:0
No overwriting allowed   recieved by  127.0.0.1:0
No overwriting allowed   recieved by  127.0.0.1:0
No overwriting allowed   recieved by  127.0.0.1:0
No overwriting allowed   recieved by  127.0.0.1:0
No overwriting allowed   recieved by  127.0.0.1:0
No overwriting allowed   recieved by  127.0.0.1:0
No overwriting allowed   recieved by  127.0.0.1:0
No overwriting allowed   recieved by  127.0.0.1:0
No overwriting allowed   recieved by  127.0.0.1:0
No overwriting allowed   recieved by  127.0.0.1:0
No overwriting allowed   recieved by  127.0.0.1:0
No overwriting allowed   recieved by  127.0.0.1:0
No overwriting allowed   recieved by  127.0.0.1:0
No overwriting allowed   recieved by  127.0.0.1:0
No overwriting allowed   recieved by  127.0.0.1:0
No overwriting allowed   recieved by  127.0.0.1:0
No overwriting allowed   recieved by  127.0.0.1:0
No overwriting allowed   recieved by  127.0.0.1:0
No overwriting allowed   recieved by  127.0.0.1:0
No overwriting allowed   recieved by  127.0.0.1:0
No overwriting allowed   recieved by  127.0.0.1:0
No overwriting allowed   recieved by  127.0.0.1:0
No overwriting allowed   recieved by  127.0.0.1:0
No overwriting allowed   recieved by  127.0.0.1:0
No overwriting allowed   recieved by  127.0.0.1:0
No overwriting allowed   recieved by  127.0.0.1:0
No overwriting allowed   recieved by  127.0.0.1:0
No overwriting allowed   recieved by  127.0.0.1:0
No overwriting allowed   recieved by  127.0.0.1:0
No overwriting allowed   recieved by  127.0.0.1:0
No overwriting allowed   recieved by  127.0.0.1:0
No overwriting allowed   recieved by  127.0.0.1:0
No overwriting allowed   recieved by  127.0.0.1:0
No overwriting allowed   recieved by  127.0.0.1:0
No overwriting allowed   recieved by  127.0.0.1:0
No overwriting allowed   recieved by  127.0.0.1:0
No overwriting allowed   recieved by  127.0.0.1:0
No overwriting allowed   recieved by  127.0.0.1:0
No overwriting allowed   recieved by  127.0.0.1:0
No overwriting allowed   recieved by  127.0.0.1:0
No overwriting allowed   recieved by  127.0.0.1:0
No overwriting allowed   recieved by  127.0.0.1:0
No overwriting allowed   recieved by  127.0.0.1:0
No overwriting allowed   recieved by  127.0.0.1:0
No overwriting allowed   recieved by  127.0.0.1:0
No overwriting allowed   recieved by  127.0.0.1:0
No overwriting allowed   recieved by  127.0.0.1:0
No overwriting allowed   recieved by  127.0.0.1:0
No overwriting allowed   recieved by  127.0.0.1:0
No overwriting allowed   recieved by  127.0.0.1:0
No overwriting allowed   recieved by  127.0.0.1:0
No overwriting allowed   recieved by  127.0.0.1:0
No overwriting allowed   recieved by  127.0.0.1:0
No overwriting allowed   recieved by  127.0.0.1:0
No overwriting allowed   recieved by  127.0.0.1:0
No overwriting allowed   recieved by  127.0.0.1:0
No overwriting allowed   recieved by  127.0.0.1:0
No overwriting allowed   recieved by  127.0.0.1:0
No overwriting allowed   recieved by  127.0.0.1:0
No overwriting allowed   recieved by  127.0.0.1:0
No overwriting allowed   recieved by  127.0.0.1:0
No overwriting allowed   recieved by  127.0.0.1:0
No overwriting allowed   recieved by  127.0.0.1:0
No overwriting allowed   recieved by  127.0.0.1:0
No overwriting allowed   recieved by  127.0.0.1:0
No overwriting allowed   recieved by  127.0.0.1:0
No overwriting allowed   recieved by  127.0.0.1:0
No overwriting allowed   recieved by  127.0.0.1:0
No overwriting allowed   recieved by  127.0.0.1:0
No overwriting allowed   recieved by  127.0.0.1:0
No overwriting allowed   recieved by  127.0.0.1:0
No overwriting allowed   recieved by  127.0.0.1:0
No overwriting allowed   recieved by  127.0.0.1:0
No overwriting allowed   recieved by  127.0.0.1:0
No overwriting allowed   recieved by  127.0.0.1:0
No overwriting allowed   recieved by  127.0.0.1:0
No overwriting allowed   recieved by  127.0.0.1:0
No overwriting allowed   recieved by  127.0.0.1:0
No overwriting allowed   recieved by  127.0.0.1:0
No overwriting allowed   recieved by  127.0.0.1:0
No overwriting allowed   recieved by  127.0.0.1:0
No overwriting allowed   recieved by  127.0.0.1:0
No overwriting allowed   recieved by  127.0.0.1:0
No overwriting allowed   recieved by  127.0.0.1:0
No overwriting allowed   recieved by  127.0.0.1:0
No overwriting allowed   recieved by  127.0.0.1:0
No overwriting allowed   recieved by  127.0.0.1:0
No overwriting allowed   recieved by  127.0.0.1:0
No overwriting allowed   recieved by  127.0.0.1:0
No overwriting allowed   recieved by  127.0.0.1:0
No overwriting allowed   recieved by  127.0.0.1:0
No overwriting allowed   recieved by  127.0.0.1:0
No overwriting allowed   recieved by  127.0.0.1:0
No overwriting allowed   recieved by  127.0.0.1:0
No overwriting allowed   recieved by  127.0.0.1:0
No overwriting allowed   recieved by  127.0.0.1:0
No overwriting allowed   recieved by  127.0.0.1:0
No overwriting allowed   recieved by  127.0.0.1:0
No overwriting allowed   recieved by  127.0.0.1:0
No overwriting allowed   recieved by  127.0.0.1:0
No overwriting allowed   recieved by  127.0.0.1:0
No overwriting allowed   recieved by  127.0.0.1:0
No overwriting allowed   recieved by  127.0.0.1:0
No overwriting allowed   recieved by  127.0.0.1:0
No overwriting allowed   recieved by  127.0.0.1:0
No overwriting allowed   recieved by  127.0.0.1:0
No overwriting allowed   recieved by  127.0.0.1:0
No overwriting allowed   recieved by  127.0.0.1:0
No overwriting allowed   recieved by  127.0.0.1:0
No overwriting allowed   recieved by  127.0.0.1:0
No overwriting allowed   recieved by  127.0.0.1:0
No overwriting allowed   recieved by  127.0.0.1:0
No overwriting allowed   recieved by  127.0.0.1:0
No overwriting allowed   recieved by  127.0.0.1:0
No overwriting allowed   recieved by  127.0.0.1:0
No overwriting allowed   recieved by  127.0.0.1:0
No overwriting allowed   recieved by  127.0.0.1:0
No overwriting allowed   recieved by  127.0.0.1:0
No overwriting allowed   recieved by  127.0.0.1:0
No overwriting allowed   recieved by  127.0.0.1:0
No overwriting allowed   recieved by  127.0.0.1:0
No overwriting allowed   recieved by  127.0.0.1:0
No overwriting allowed   recieved by  127.0.0.1:0
No overwriting allowed   recieved by  127.0.0.1:0
No overwriting allowed   recieved by  127.0.0.1:0
No overwriting allowed   recieved by  127.0.0.1:0
No overwriting allowed   recieved by  127.0.0.1:0
No overwriting allowed   recieved by  127.0.0.1:0
No overwriting allowed   recieved by  127.0.0.1:0
No overwriting allowed   recieved by  127.0.0.1:0
No overwriting allowed   recieved by  127.0.0.1:0
No overwriting allowed   recieved by  127.0.0.1:0
No overwriting allowed   recieved by  127.0.0.1:0
No overwriting allowed   recieved by  127.0.0.1:0
No overwriting allowed   recieved by  127.0.0.1:0
No overwriting allowed   recieved by  127.0.0.1:0
No overwriting allowed   recieved by  127.0.0.1:0
No overwriting allowed   recieved by  127.0.0.1:0
No overwriting allowed   recieved by  127.0.0.1:0
No overwriting allowed   recieved by  127.0.0.1:0
No overwriting allowed   recieved by  127.0.0.1:0
No overwriting allowed   recieved by  127.0.0.1:0
No overwriting allowed   recieved by  127.0.0.1:0
No overwriting allowed   recieved by  127.0.0.1:0
No overwriting allowed   recieved by  127.0.0.1:0
No overwriting allowed   recieved by  127.0.0.1:0
No overwriting allowed   recieved by  127.0.0.1:0
No overwriting allowed   recieved by  127.0.0.1:0
No overwriting allowed   recieved by  127.0.0.1:0
No overwriting allowed   recieved by  127.0.0.1:0
No overwriting allowed   recieved by  127.0.0.1:0
No overwriting allowed   recieved by  127.0.0.1:0
No overwriting allowed   recieved by  127.0.0.1:0
No overwriting allowed   recieved by  127.0.0.1:0
No overwriting allowed   recieved by  127.0.0.1:0
No overwriting allowed   recieved by  127.0.0.1:0
No overwriting allowed   recieved by  127.0.0.1:0
No overwriting allowed   recieved by  127.0.0.1:0
No overwriting allowed   recieved by  127.0.0.1:0
No overwriting allowed   recieved by  127.0.0.1:0
No overwriting allowed   recieved by  127.0.0.1:0
No overwriting allowed   recieved by  127.0.0.1:0
No overwriting allowed   recieved by  127.0.0.1:0
No overwriting allowed   recieved by  127.0.0.1:0
No overwriting allowed   recieved by  127.0.0.1:0
No overwriting allowed   recieved by  127.0.0.1:0
No overwriting allowed   recieved by  127.0.0.1:0
No overwriting allowed   recieved by  127.0.0.1:0
No overwriting allowed   recieved by  127.0.0.1:0
No overwriting allowed   recieved by  127.0.0.1:0
No overwriting allowed   recieved by  127.0.0.1:0
No overwriting allowed   recieved by  127.0.0.1:0
No overwriting allowed   recieved by  127.0.0.1:0
No overwriting allowed   recieved by  127.0.0.1:0
No overwriting allowed   recieved by  127.0.0.1:0
No overwriting allowed   recieved by  127.0.0.1:0
No overwriting allowed   recieved by  127.0.0.1:0
No overwriting allowed   recieved by  127.0.0.1:0
No overwriting allowed   recieved by  127.0.0.1:0
No overwriting allowed   recieved by  127.0.0.1:0
No overwriting allowed   recieved by  127.0.0.1:0
No overwriting allowed   recieved by  127.0.0.1:0
No overwriting allowed   recieved by  127.0.0.1:0
No overwriting allowed   recieved by  127.0.0.1:0
No overwriting allowed   recieved by  127.0.0.1:0
No overwriting allowed   recieved by  127.0.0.1:0
No overwriting allowed   recieved by  127.0.0.1:0
No overwriting allowed   recieved by  127.0.0.1:0
No overwriting allowed   recieved by  127.0.0.1:0
No overwriting allowed   recieved by  127.0.0.1:0
No overwriting allowed   recieved by  127.0.0.1:0
No overwriting allowed   recieved by  127.0.0.1:0
No overwriting allowed   recieved by  127.0.0.1:0
No overwriting allowed   recieved by  127.0.0.1:0
No overwriting allowed   recieved by  127.0.0.1:0
No overwriting allowed   recieved by  127.0.0.1:0
No overwriting allowed   recieved by  127.0.0.1:0
No overwriting allowed   recieved by  127.0.0.1:0
No overwriting allowed   recieved by  127.0.0.1:0
No overwriting allowed   recieved by  127.0.0.1:0
No overwriting allowed   recieved by  127.0.0.1:0
No overwriting allowed   recieved by  127.0.0.1:0
No overwriting allowed   recieved by  127.0.0.1:0
No overwriting allowed   recieved by  127.0.0.1:0
No overwriting allowed   recieved by  127.0.0.1:0
No overwriting allowed   recieved by  127.0.0.1:0
No overwriting allowed   recieved by  127.0.0.1:0
No overwriting allowed   recieved by  127.0.0.1:0
No overwriting allowed   recieved by  127.0.0.1:0
No overwriting allowed   recieved by  127.0.0.1:0
No overwriting allowed   recieved by  127.0.0.1:0
No overwriting allowed   recieved by  127.0.0.1:0
No overwriting allowed   recieved by  127.0.0.1:0
No overwriting allowed   recieved by  127.0.0.1:0
No overwriting allowed   recieved by  127.0.0.1:0
No overwriting allowed   recieved by  127.0.0.1:0
No overwriting allowed   recieved by  127.0.0.1:0
No overwriting allowed   recieved by  127.0.0.1:0
No overwriting allowed   recieved by  127.0.0.1:0
No overwriting allowed   recieved by  127.0.0.1:0
No overwriting allowed   recieved by  127.0.0.1:0
No overwriting allowed   recieved by  127.0.0.1:0
--- FAIL: TestOneRRQ (0.01 seconds)
No overwriting allowed   recieved by  127.0.0.1:0
No overwriting allowed   recieved by  127.0.0.1:0
WRQ from  127.0.0.1:0  never acknowledged
FAIL
exit status 1
FAIL	github.com/cewillis001/server	15.234s
